src/app/(dashboard)/dashboard/schedule/page.tsx(134,22): error TS2352: Conversion of type '{ id: string; scheduled_at: string; location: string; status: "in_progress" | "completed" | "scheduled" | "cancelled"; home_score: number; away_score: number; home_captain_verified: boolean; away_captain_verified: boolean; home_team: SelectQueryError<...>; away_team: SelectQueryError<...>; }[]' to type 'Game[]' may be a mistake because neither type sufficiently overlaps with the other. If this was intentional, convert the expression to 'unknown' first.
  Type '{ id: string; scheduled_at: string; location: string; status: "in_progress" | "completed" | "scheduled" | "cancelled"; home_score: number; away_score: number; home_captain_verified: boolean; away_captain_verified: boolean; home_team: SelectQueryError<...>; away_team: SelectQueryError<...>; }' is not comparable to type 'Game'.
    Types of property 'home_team' are incompatible.
      Type '{ error: true; } & String' is missing the following properties from type '{ id: string; name: string; short_name: string; primary_color: string; }': id, name, short_name, primary_color
src/app/(dashboard)/dashboard/schedule/page.tsx(135,20): error TS2352: Conversion of type '{ id: string; scheduled_at: string; location: string; status: "in_progress" | "completed" | "scheduled" | "cancelled"; home_score: number; away_score: number; home_captain_verified: boolean; away_captain_verified: boolean; home_team: SelectQueryError<...>; away_team: SelectQueryError<...>; }[]' to type 'Game[]' may be a mistake because neither type sufficiently overlaps with the other. If this was intentional, convert the expression to 'unknown' first.
  Type '{ id: string; scheduled_at: string; location: string; status: "in_progress" | "completed" | "scheduled" | "cancelled"; home_score: number; away_score: number; home_captain_verified: boolean; away_captain_verified: boolean; home_team: SelectQueryError<...>; away_team: SelectQueryError<...>; }' is not comparable to type 'Game'.
    Types of property 'home_team' are incompatible.
      Type '{ error: true; } & String' is missing the following properties from type '{ id: string; name: string; short_name: string; primary_color: string; }': id, name, short_name, primary_color
src/app/(dashboard)/dashboard/stats/page.tsx(164,22): error TS2339: Property 'id' does not exist on type 'SelectQueryError<"could not find the relation between player_stats and games">'.
src/app/(dashboard)/dashboard/stats/page.tsx(165,32): error TS2339: Property 'scheduled_at' does not exist on type 'SelectQueryError<"could not find the relation between player_stats and games">'.
src/app/(dashboard)/dashboard/stats/page.tsx(166,29): error TS2339: Property 'home_team' does not exist on type 'SelectQueryError<"could not find the relation between player_stats and games">'.
src/app/(dashboard)/dashboard/stats/page.tsx(167,29): error TS2339: Property 'away_team' does not exist on type 'SelectQueryError<"could not find the relation between player_stats and games">'.
src/app/(dashboard)/dashboard/stats/page.tsx(168,30): error TS2339: Property 'home_score' does not exist on type 'SelectQueryError<"could not find the relation between player_stats and games">'.
src/app/(dashboard)/dashboard/stats/page.tsx(169,30): error TS2339: Property 'away_score' does not exist on type 'SelectQueryError<"could not find the relation between player_stats and games">'.
src/app/(dashboard)/dashboard/stats/page.tsx(322,77): error TS2339: Property 'id' does not exist on type '{ name: string; short_name: string; }'.
src/app/(dashboard)/dashboard/team/page.tsx(109,13): error TS2352: Conversion of type 'SelectQueryError<"could not find the relation between team_rosters and teams">' to type 'TeamData' may be a mistake because neither type sufficiently overlaps with the other. If this was intentional, convert the expression to 'unknown' first.
  Type '{ error: true; } & String' is missing the following properties from type 'TeamData': id, name, short_name, primary_color, and 2 more.
src/app/(dashboard)/dashboard/team/page.tsx(122,15): error TS2352: Conversion of type '{ id: string; is_goalie: boolean; player: SelectQueryError<"could not find the relation between team_rosters and profiles">; }[]' to type 'RosterPlayer[]' may be a mistake because neither type sufficiently overlaps with the other. If this was intentional, convert the expression to 'unknown' first.
  Type '{ id: string; is_goalie: boolean; player: SelectQueryError<"could not find the relation between team_rosters and profiles">; }' is not comparable to type 'RosterPlayer'.
    Types of property 'player' are incompatible.
      Type '{ error: true; } & String' is missing the following properties from type '{ id: string; full_name: string; avatar_url: string; jersey_number: number; position: string; }': id, full_name, avatar_url, jersey_number, position
src/app/(dashboard)/layout.tsx(464,16): error TS2741: Property 'isCollapsed' is missing in type '{}' but required in type '{ isCollapsed: boolean; }'.
src/app/(public)/teams/[teamId]/page.tsx(71,14): error TS2352: Conversion of type '{ id: string; is_goalie: boolean; player: SelectQueryError<"could not find the relation between team_rosters and profiles">; }[]' to type '{ id: string; is_goalie: boolean; player: { id: string; full_name: string; avatar_url: string; jersey_number: number; position: string; }; }[]' may be a mistake because neither type sufficiently overlaps with the other. If this was intentional, convert the expression to 'unknown' first.
  Type '{ id: string; is_goalie: boolean; player: SelectQueryError<"could not find the relation between team_rosters and profiles">; }' is not comparable to type '{ id: string; is_goalie: boolean; player: { id: string; full_name: string; avatar_url: string; jersey_number: number; position: string; }; }'.
    Types of property 'player' are incompatible.
      Type '{ error: true; } & String' is missing the following properties from type '{ id: string; full_name: string; avatar_url: string; jersey_number: number; position: string; }': id, full_name, avatar_url, jersey_number, position
src/app/(public)/teams/[teamId]/page.tsx(177,52): error TS2339: Property 'avatar_url' does not exist on type 'SelectQueryError<"could not find the relation between teams and profiles">'.
src/app/(public)/teams/[teamId]/page.tsx(182,49): error TS2339: Property 'full_name' does not exist on type 'SelectQueryError<"could not find the relation between teams and profiles">'.
src/app/(public)/teams/[teamId]/page.tsx(187,52): error TS2339: Property 'id' does not exist on type 'SelectQueryError<"could not find the relation between teams and profiles">'.
src/app/(public)/teams/[teamId]/page.tsx(190,37): error TS2339: Property 'full_name' does not exist on type 'SelectQueryError<"could not find the relation between teams and profiles">'.
src/app/(public)/teams/[teamId]/page.tsx(193,37): error TS2339: Property 'jersey_number' does not exist on type 'SelectQueryError<"could not find the relation between teams and profiles">'.
src/app/(public)/teams/[teamId]/page.tsx(195,42): error TS2339: Property 'jersey_number' does not exist on type 'SelectQueryError<"could not find the relation between teams and profiles">'.
src/app/(public)/teams/[teamId]/page.tsx(198,37): error TS2339: Property 'position' does not exist on type 'SelectQueryError<"could not find the relation between teams and profiles">'.
src/app/(public)/teams/[teamId]/page.tsx(199,66): error TS2339: Property 'position' does not exist on type 'SelectQueryError<"could not find the relation between teams and profiles">'.
src/app/(public)/teams/page.tsx(118,58): error TS2339: Property 'avatar_url' does not exist on type 'SelectQueryError<"could not find the relation between teams and profiles">'.
src/app/(public)/teams/page.tsx(120,55): error TS2339: Property 'full_name' does not exist on type 'SelectQueryError<"could not find the relation between teams and profiles">'.
src/app/(public)/teams/page.tsx(124,41): error TS2339: Property 'full_name' does not exist on type 'SelectQueryError<"could not find the relation between teams and profiles">'.
src/app/(public)/teams/page.tsx(125,41): error TS2339: Property 'jersey_number' does not exist on type 'SelectQueryError<"could not find the relation between teams and profiles">'.
src/app/(public)/teams/page.tsx(126,89): error TS2339: Property 'jersey_number' does not exist on type 'SelectQueryError<"could not find the relation between teams and profiles">'.
src/app/api/webhooks/stripe/route.ts(6,3): error TS2322: Type '"2024-12-18.acacia"' is not assignable to type '"2025-12-15.clover"'.
src/components/dashboard/RecentActivityFeed.tsx(79,37): error TS2339: Property 'name' does not exist on type 'SelectQueryError<"could not find the relation between games and teams">'.
src/components/dashboard/RecentActivityFeed.tsx(79,101): error TS2339: Property 'name' does not exist on type 'SelectQueryError<"could not find the relation between games and teams">'.
src/components/draft/LiveDraftBoard.tsx(87,57): error TS2367: This comparison appears to be unintentional because the types '{ attendance_rate: number; calculated_at: string; games_played: number; id: string; player_id: string; points_per_game: number; rating: "A+" | "A" | "A-" | "B+" | "B" | "B-" | "C+" | "C" | "C-" | "D+" | "D" | "D-"; season_id: string; }' and 'string' have no overlap.
src/components/draft/LiveDraftBoard.tsx(102,33): error TS2538: Type '{ attendance_rate: number; calculated_at: string; games_played: number; id: string; player_id: string; points_per_game: number; rating: "A+" | "A" | "A-" | "B+" | "B" | "B-" | "C+" | "C" | "C-" | "D+" | "D" | "D-"; season_id: string; }' cannot be used as an index type.
src/components/draft/LiveDraftBoard.tsx(102,65): error TS2538: Type '{ attendance_rate: number; calculated_at: string; games_played: number; id: string; player_id: string; points_per_game: number; rating: "A+" | "A" | "A-" | "B+" | "B" | "B-" | "C+" | "C" | "C-" | "D+" | "D" | "D-"; season_id: string; }' cannot be used as an index type.
src/components/draft/LiveDraftBoard.tsx(116,16): error TS2339: Property 'startsWith' does not exist on type '{ attendance_rate: number; calculated_at: string; games_played: number; id: string; player_id: string; points_per_game: number; rating: "A+" | "A" | "A-" | "B+" | "B" | "B-" | "C+" | "C" | "C-" | "D+" | "D" | "D-"; season_id: string; }'.
src/components/draft/LiveDraftBoard.tsx(117,16): error TS2339: Property 'startsWith' does not exist on type '{ attendance_rate: number; calculated_at: string; games_played: number; id: string; player_id: string; points_per_game: number; rating: "A+" | "A" | "A-" | "B+" | "B" | "B-" | "C+" | "C" | "C-" | "D+" | "D" | "D-"; season_id: string; }'.
src/components/draft/LiveDraftBoard.tsx(118,16): error TS2339: Property 'startsWith' does not exist on type '{ attendance_rate: number; calculated_at: string; games_played: number; id: string; player_id: string; points_per_game: number; rating: "A+" | "A" | "A-" | "B+" | "B" | "B-" | "C+" | "C" | "C-" | "D+" | "D" | "D-"; season_id: string; }'.
src/components/draft/MyTeamRoster.tsx(76,11): error TS2322: Type 'string' is not assignable to type '{ attendance_rate: number; calculated_at: string; games_played: number; id: string; player_id: string; points_per_game: number; rating: "A+" | "A" | "A-" | "B+" | "B" | "B-" | "C+" | "C" | "C-" | "D+" | "D" | "D-"; season_id: string; }'.
  Type 'string' is not assignable to type '{ attendance_rate: number; calculated_at: string; games_played: number; id: string; player_id: string; points_per_game: number; rating: "A+" | "A" | "A-" | "B+" | "B" | "B-" | "C+" | "C" | "C-" | "D+" | "D" | "D-"; season_id: string; }'.
src/components/draft/MyTeamRoster.tsx(102,45): error TS2352: Conversion of type 'string' to type '{ attendance_rate: number; calculated_at: string; games_played: number; id: string; player_id: string; points_per_game: number; rating: "A+" | "A" | "A-" | "B+" | "B" | "B-" | "C+" | "C" | "C-" | "D+" | "D" | "D-"; season_id: string; }' may be a mistake because neither type sufficiently overlaps with the other. If this was intentional, convert the expression to 'unknown' first.
src/components/draft/MyTeamRoster.tsx(138,44): error TS2345: Argument of type '{ attendance_rate: number; calculated_at: string; games_played: number; id: string; player_id: string; points_per_game: number; rating: "A+" | "A" | "A-" | "B+" | "B" | "B-" | "C+" | "C" | "C-" | "D+" | "D" | "D-"; season_id: string; }' is not assignable to parameter of type 'PropertyKey'.
src/components/draft/MyTeamRoster.tsx(139,17): error TS2538: Type '{ attendance_rate: number; calculated_at: string; games_played: number; id: string; player_id: string; points_per_game: number; rating: "A+" | "A" | "A-" | "B+" | "B" | "B-" | "C+" | "C" | "C-" | "D+" | "D" | "D-"; season_id: string; }' cannot be used as an index type.
src/components/draft/MyTeamRoster.tsx(168,16): error TS2339: Property 'startsWith' does not exist on type '{ attendance_rate: number; calculated_at: string; games_played: number; id: string; player_id: string; points_per_game: number; rating: "A+" | "A" | "A-" | "B+" | "B" | "B-" | "C+" | "C" | "C-" | "D+" | "D" | "D-"; season_id: string; }'.
src/components/draft/MyTeamRoster.tsx(169,16): error TS2339: Property 'startsWith' does not exist on type '{ attendance_rate: number; calculated_at: string; games_played: number; id: string; player_id: string; points_per_game: number; rating: "A+" | "A" | "A-" | "B+" | "B" | "B-" | "C+" | "C" | "C-" | "D+" | "D" | "D-"; season_id: string; }'.
src/components/draft/MyTeamRoster.tsx(170,16): error TS2339: Property 'startsWith' does not exist on type '{ attendance_rate: number; calculated_at: string; games_played: number; id: string; player_id: string; points_per_game: number; rating: "A+" | "A" | "A-" | "B+" | "B" | "B-" | "C+" | "C" | "C-" | "D+" | "D" | "D-"; season_id: string; }'.
src/components/draft/MyTeamRoster.tsx(222,48): error TS2352: Conversion of type 'string' to type '{ attendance_rate: number; calculated_at: string; games_played: number; id: string; player_id: string; points_per_game: number; rating: "A+" | "A" | "A-" | "B+" | "B" | "B-" | "C+" | "C" | "C-" | "D+" | "D" | "D-"; season_id: string; }' may be a mistake because neither type sufficiently overlaps with the other. If this was intentional, convert the expression to 'unknown' first.
src/components/draft/MyTeamRoster.tsx(277,23): error TS2322: Type '{ attendance_rate: number; calculated_at: string; games_played: number; id: string; player_id: string; points_per_game: number; rating: "A+" | "A" | "A-" | "B+" | "B" | "B-" | "C+" | "C" | "C-" | "D+" | "D" | "D-"; season_id: string; }' is not assignable to type 'ReactNode'.
src/lib/admin/actions.ts(44,36): error TS7018: Object literal's property 'players' implicitly has an 'any[]' type.
src/lib/admin/approval-actions.ts(136,36): error TS7018: Object literal's property 'players' implicitly has an 'any[]' type.
src/lib/admin/article-actions.ts(38,36): error TS7018: Object literal's property 'articles' implicitly has an 'any[]' type.
src/lib/admin/article-actions.ts(61,6): error TS2769: No overload matches this call.
  Overload 1 of 2, '(values: { content: string; created_at?: string; game_id?: string; id?: string; published?: boolean; published_at?: string; season_id?: string; title: string; type: "game_recap" | "weekly_wrap" | "draft_grades" | "announcement"; updated_at?: string; }, options?: { ...; }): PostgrestFilterBuilder<...>', gave the following error.
    Type 'string' is not assignable to type '"game_recap" | "weekly_wrap" | "draft_grades" | "announcement"'.
  Overload 2 of 2, '(values: { content: string; created_at?: string; game_id?: string; id?: string; published?: boolean; published_at?: string; season_id?: string; title: string; type: "game_recap" | "weekly_wrap" | "draft_grades" | "announcement"; updated_at?: string; }[], options?: { ...; }): PostgrestFilterBuilder<...>', gave the following error.
    Object literal may only specify known properties, and 'title' does not exist in type '{ content: string; created_at?: string; game_id?: string; id?: string; published?: boolean; published_at?: string; season_id?: string; title: string; type: "game_recap" | "weekly_wrap" | "draft_grades" | "announcement"; updated_at?: string; }[]'.
src/lib/admin/article-actions.ts(155,35): error TS2339: Property 'name' does not exist on type 'SelectQueryError<"could not find the relation between games and teams">'.
src/lib/admin/article-actions.ts(155,63): error TS2339: Property 'name' does not exist on type 'SelectQueryError<"could not find the relation between games and teams">'.
src/lib/admin/legacy-player-actions.ts(43,36): error TS7018: Object literal's property 'players' implicitly has an 'any[]' type.
src/lib/admin/legacy-player-actions.ts(77,40): error TS2589: Type instantiation is excessively deep and possibly infinite.
src/lib/admin/legacy-player-actions.ts(78,11): error TS2769: No overload matches this call.
  Overload 1 of 2, '(relation: "articles" | "draft_order" | "draft_picks" | "drafts" | "games" | "goalie_stats" | "legacy_players" | "player_approvals" | "player_availability" | "player_ratings" | "player_stats" | ... 7 more ... | "teams"): PostgrestQueryBuilder<...>', gave the following error.
    Argument of type '"player_career_stats"' is not assignable to parameter of type '"articles" | "draft_order" | "draft_picks" | "drafts" | "games" | "goalie_stats" | "legacy_players" | "player_approvals" | "player_availability" | "player_ratings" | "player_stats" | ... 7 more ... | "teams"'.
  Overload 2 of 2, '(relation: never): PostgrestQueryBuilder<{ PostgrestVersion: "12"; }, { Tables: { articles: { Row: { content: string; created_at: string; game_id: string; id: string; published: boolean; published_at: string; season_id: string; title: string; type: "game_recap" | ... 2 more ... | "announcement"; updated_at: string; }; Insert: { ...; }; Update: { ...; }; Relationships: []; }; ... 17 more ...; teams: { ...; }; }; Views: {}; Functions: { ...; }; Enums: { ...; }; CompositeTypes: {}; }, never, never, never>', gave the following error.
    Argument of type '"player_career_stats"' is not assignable to parameter of type 'never'.
src/lib/admin/legacy-player-actions.ts(85,36): error TS7018: Object literal's property 'stats' implicitly has an 'any' type.
src/lib/admin/legacy-player-actions.ts(104,36): error TS7018: Object literal's property 'players' implicitly has an 'any[]' type.
src/lib/admin/suspension-actions.ts(42,36): error TS7018: Object literal's property 'suspensions' implicitly has an 'any[]' type.
src/lib/admin/test-data-actions.ts(970,25): error TS2769: No overload matches this call.
  Overload 1 of 2, '(relation: "articles" | "draft_order" | "draft_picks" | "drafts" | "games" | "goalie_stats" | "legacy_players" | "player_approvals" | "player_availability" | "player_ratings" | "player_stats" | ... 7 more ... | "teams"): PostgrestQueryBuilder<...>', gave the following error.
    Argument of type '"invite_codes"' is not assignable to parameter of type '"articles" | "draft_order" | "draft_picks" | "drafts" | "games" | "goalie_stats" | "legacy_players" | "player_approvals" | "player_availability" | "player_ratings" | "player_stats" | ... 7 more ... | "teams"'.
  Overload 2 of 2, '(relation: never): PostgrestQueryBuilder<{ PostgrestVersion: "12"; }, { Tables: { articles: { Row: { content: string; created_at: string; game_id: string; id: string; published: boolean; published_at: string; season_id: string; title: string; type: "game_recap" | ... 2 more ... | "announcement"; updated_at: string; }; Insert: { ...; }; Update: { ...; }; Relationships: []; }; ... 17 more ...; teams: { ...; }; }; Views: {}; Functions: { ...; }; Enums: { ...; }; CompositeTypes: {}; }, never, never, never>', gave the following error.
    Argument of type '"invite_codes"' is not assignable to parameter of type 'never'.
src/lib/ai/content.ts(59,25): error TS2339: Property 'name' does not exist on type 'SelectQueryError<"could not find the relation between games and teams">'.
src/lib/ai/content.ts(59,52): error TS2339: Property 'name' does not exist on type 'SelectQueryError<"could not find the relation between games and teams">'.
src/lib/ai/content.ts(60,32): error TS2339: Property 'name' does not exist on type 'SelectQueryError<"could not find the relation between games and teams">'.
src/lib/ai/content.ts(60,96): error TS2339: Property 'name' does not exist on type 'SelectQueryError<"could not find the relation between games and teams">'.
src/lib/ai/content.ts(64,51): error TS2339: Property 'full_name' does not exist on type 'SelectQueryError<"could not find the relation between player_stats and profiles">'.
src/lib/ai/content.ts(66,96): error TS2339: Property 'full_name' does not exist on type 'SelectQueryError<"could not find the relation between goalie_stats and profiles">'.
src/lib/ai/content.ts(200,33): error TS2339: Property 'home_captain_verified' does not exist on type 'SelectQueryError<"could not find the relation between player_stats and games">'.
src/lib/ai/content.ts(200,65): error TS2339: Property 'home_verified_by_owner' does not exist on type 'SelectQueryError<"could not find the relation between player_stats and games">'.
src/lib/ai/content.ts(201,33): error TS2339: Property 'away_captain_verified' does not exist on type 'SelectQueryError<"could not find the relation between player_stats and games">'.
src/lib/ai/content.ts(201,65): error TS2339: Property 'away_verified_by_owner' does not exist on type 'SelectQueryError<"could not find the relation between player_stats and games">'.
src/lib/ai/content.ts(207,33): error TS2339: Property 'home_captain_verified' does not exist on type 'SelectQueryError<"could not find the relation between goalie_stats and games">'.
src/lib/ai/content.ts(207,65): error TS2339: Property 'home_verified_by_owner' does not exist on type 'SelectQueryError<"could not find the relation between goalie_stats and games">'.
src/lib/ai/content.ts(208,33): error TS2339: Property 'away_captain_verified' does not exist on type 'SelectQueryError<"could not find the relation between goalie_stats and games">'.
src/lib/ai/content.ts(208,65): error TS2339: Property 'away_verified_by_owner' does not exist on type 'SelectQueryError<"could not find the relation between goalie_stats and games">'.
src/lib/ai/content.ts(288,30): error TS2339: Property 'full_name' does not exist on type 'SelectQueryError<"could not find the relation between player_stats and profiles">'.
src/lib/ai/content.ts(293,28): error TS2339: Property 'full_name' does not exist on type 'SelectQueryError<"could not find the relation between goalie_stats and profiles">'.
src/lib/ai/content.ts(299,28): error TS2339: Property 'name' does not exist on type 'SelectQueryError<"could not find the relation between games and teams">'.
src/lib/ai/content.ts(299,83): error TS2339: Property 'name' does not exist on type 'SelectQueryError<"could not find the relation between games and teams">'.
src/lib/ai/content.ts(314,25): error TS2339: Property 'name' does not exist on type 'SelectQueryError<"could not find the relation between games and teams">'.
src/lib/ai/content.ts(314,80): error TS2339: Property 'name' does not exist on type 'SelectQueryError<"could not find the relation between games and teams">'.
src/lib/draft/actions.ts(300,36): error TS7018: Object literal's property 'picks' implicitly has an 'any[]' type.
src/lib/draft/actions.ts(455,40): error TS7018: Object literal's property 'players' implicitly has an 'any[]' type.
src/lib/draft/actions.ts(548,27): error TS2339: Property 'full_name' does not exist on type 'SelectQueryError<"could not find the relation between player_ratings and profiles"> | { id: string; full_name: string; jersey_number: number; position: string; avatar_url: string; }'.
  Property 'full_name' does not exist on type 'SelectQueryError<"could not find the relation between player_ratings and profiles">'.
src/lib/draft/actions.ts(548,68): error TS2339: Property 'full_name' does not exist on type 'SelectQueryError<"could not find the relation between player_ratings and profiles"> | { id: string; full_name: string; jersey_number: number; position: string; avatar_url: string; }'.
  Property 'full_name' does not exist on type 'SelectQueryError<"could not find the relation between player_ratings and profiles">'.
src/lib/draft/actions.ts(565,25): error TS2339: Property 'full_name' does not exist on type 'SelectQueryError<"could not find the relation between player_ratings and profiles">'.
src/lib/draft/actions.ts(565,66): error TS2339: Property 'full_name' does not exist on type 'SelectQueryError<"could not find the relation between player_ratings and profiles">'.
src/lib/draft/actions.ts(770,11): error TS2698: Spread types may only be created from object types.
src/lib/draft/actions.ts(786,7): error TS2698: Spread types may only be created from object types.
src/lib/draft/draft-order.ts(36,36): error TS7018: Object literal's property 'teams' implicitly has an 'any[]' type.
src/lib/draft/draft-order.ts(130,36): error TS7018: Object literal's property 'order' implicitly has an 'any[]' type.
src/lib/draft/email.ts(107,81): error TS2339: Property 'email' does not exist on type 'SelectQueryError<"could not find the relation between teams and profiles">'.
src/lib/draft/email.ts(124,63): error TS2339: Property 'email' does not exist on type 'SelectQueryError<"could not find the relation between teams and profiles">'.
src/lib/draft/email.ts(135,53): error TS2339: Property 'email' does not exist on type 'SelectQueryError<"could not find the relation between teams and profiles">'.
src/lib/draft/email.ts(137,65): error TS2339: Property 'email' does not exist on type 'SelectQueryError<"could not find the relation between teams and profiles">'.
src/lib/draft/email.ts(138,54): error TS2339: Property 'email' does not exist on type 'SelectQueryError<"could not find the relation between teams and profiles">'.
src/lib/draft/rating.ts(30,7): error TS2322: Type 'string' is not assignable to type '{ attendance_rate: number; calculated_at: string; games_played: number; id: string; player_id: string; points_per_game: number; rating: "A+" | "A" | "A-" | "B+" | "B" | "B-" | "C+" | "C" | "C-" | "D+" | "D" | "D-"; season_id: string; }'.
src/lib/draft/rating.ts(33,7): error TS2322: Type 'string' is not assignable to type '{ attendance_rate: number; calculated_at: string; games_played: number; id: string; player_id: string; points_per_game: number; rating: "A+" | "A" | "A-" | "B+" | "B" | "B-" | "C+" | "C" | "C-" | "D+" | "D" | "D-"; season_id: string; }'.
src/lib/draft/rating.ts(36,7): error TS2322: Type 'string' is not assignable to type '{ attendance_rate: number; calculated_at: string; games_played: number; id: string; player_id: string; points_per_game: number; rating: "A+" | "A" | "A-" | "B+" | "B" | "B-" | "C+" | "C" | "C-" | "D+" | "D" | "D-"; season_id: string; }'.
src/lib/draft/rating.ts(39,7): error TS2322: Type 'string' is not assignable to type '{ attendance_rate: number; calculated_at: string; games_played: number; id: string; player_id: string; points_per_game: number; rating: "A+" | "A" | "A-" | "B+" | "B" | "B-" | "C+" | "C" | "C-" | "D+" | "D" | "D-"; season_id: string; }'.
src/lib/draft/rating.ts(42,7): error TS2322: Type 'string' is not assignable to type '{ attendance_rate: number; calculated_at: string; games_played: number; id: string; player_id: string; points_per_game: number; rating: "A+" | "A" | "A-" | "B+" | "B" | "B-" | "C+" | "C" | "C-" | "D+" | "D" | "D-"; season_id: string; }'.
src/lib/draft/rating.ts(45,7): error TS2322: Type 'string' is not assignable to type '{ attendance_rate: number; calculated_at: string; games_played: number; id: string; player_id: string; points_per_game: number; rating: "A+" | "A" | "A-" | "B+" | "B" | "B-" | "C+" | "C" | "C-" | "D+" | "D" | "D-"; season_id: string; }'.
src/lib/draft/rating.ts(48,7): error TS2322: Type 'string' is not assignable to type '{ attendance_rate: number; calculated_at: string; games_played: number; id: string; player_id: string; points_per_game: number; rating: "A+" | "A" | "A-" | "B+" | "B" | "B-" | "C+" | "C" | "C-" | "D+" | "D" | "D-"; season_id: string; }'.
src/lib/draft/rating.ts(51,7): error TS2322: Type 'string' is not assignable to type '{ attendance_rate: number; calculated_at: string; games_played: number; id: string; player_id: string; points_per_game: number; rating: "A+" | "A" | "A-" | "B+" | "B" | "B-" | "C+" | "C" | "C-" | "D+" | "D" | "D-"; season_id: string; }'.
src/lib/draft/rating.ts(54,7): error TS2322: Type 'string' is not assignable to type '{ attendance_rate: number; calculated_at: string; games_played: number; id: string; player_id: string; points_per_game: number; rating: "A+" | "A" | "A-" | "B+" | "B" | "B-" | "C+" | "C" | "C-" | "D+" | "D" | "D-"; season_id: string; }'.
src/lib/draft/rating.ts(57,7): error TS2322: Type 'string' is not assignable to type '{ attendance_rate: number; calculated_at: string; games_played: number; id: string; player_id: string; points_per_game: number; rating: "A+" | "A" | "A-" | "B+" | "B" | "B-" | "C+" | "C" | "C-" | "D+" | "D" | "D-"; season_id: string; }'.
src/lib/draft/rating.ts(60,7): error TS2322: Type 'string' is not assignable to type '{ attendance_rate: number; calculated_at: string; games_played: number; id: string; player_id: string; points_per_game: number; rating: "A+" | "A" | "A-" | "B+" | "B" | "B-" | "C+" | "C" | "C-" | "D+" | "D" | "D-"; season_id: string; }'.
src/lib/draft/rating.ts(62,5): error TS2322: Type 'string' is not assignable to type '{ attendance_rate: number; calculated_at: string; games_played: number; id: string; player_id: string; points_per_game: number; rating: "A+" | "A" | "A-" | "B+" | "B" | "B-" | "C+" | "C" | "C-" | "D+" | "D" | "D-"; season_id: string; }'.
src/lib/draft/rating.ts(66,7): error TS2322: Type 'string' is not assignable to type '{ attendance_rate: number; calculated_at: string; games_played: number; id: string; player_id: string; points_per_game: number; rating: "A+" | "A" | "A-" | "B+" | "B" | "B-" | "C+" | "C" | "C-" | "D+" | "D" | "D-"; season_id: string; }'.
src/lib/draft/rating.ts(69,7): error TS2322: Type 'string' is not assignable to type '{ attendance_rate: number; calculated_at: string; games_played: number; id: string; player_id: string; points_per_game: number; rating: "A+" | "A" | "A-" | "B+" | "B" | "B-" | "C+" | "C" | "C-" | "D+" | "D" | "D-"; season_id: string; }'.
src/lib/draft/rating.ts(72,7): error TS2322: Type 'string' is not assignable to type '{ attendance_rate: number; calculated_at: string; games_played: number; id: string; player_id: string; points_per_game: number; rating: "A+" | "A" | "A-" | "B+" | "B" | "B-" | "C+" | "C" | "C-" | "D+" | "D" | "D-"; season_id: string; }'.
src/lib/draft/rating.ts(75,7): error TS2322: Type 'string' is not assignable to type '{ attendance_rate: number; calculated_at: string; games_played: number; id: string; player_id: string; points_per_game: number; rating: "A+" | "A" | "A-" | "B+" | "B" | "B-" | "C+" | "C" | "C-" | "D+" | "D" | "D-"; season_id: string; }'.
src/lib/draft/rating.ts(78,7): error TS2322: Type 'string' is not assignable to type '{ attendance_rate: number; calculated_at: string; games_played: number; id: string; player_id: string; points_per_game: number; rating: "A+" | "A" | "A-" | "B+" | "B" | "B-" | "C+" | "C" | "C-" | "D+" | "D" | "D-"; season_id: string; }'.
src/lib/draft/rating.ts(81,7): error TS2322: Type 'string' is not assignable to type '{ attendance_rate: number; calculated_at: string; games_played: number; id: string; player_id: string; points_per_game: number; rating: "A+" | "A" | "A-" | "B+" | "B" | "B-" | "C+" | "C" | "C-" | "D+" | "D" | "D-"; season_id: string; }'.
src/lib/draft/rating.ts(84,7): error TS2322: Type 'string' is not assignable to type '{ attendance_rate: number; calculated_at: string; games_played: number; id: string; player_id: string; points_per_game: number; rating: "A+" | "A" | "A-" | "B+" | "B" | "B-" | "C+" | "C" | "C-" | "D+" | "D" | "D-"; season_id: string; }'.
src/lib/draft/rating.ts(87,7): error TS2322: Type 'string' is not assignable to type '{ attendance_rate: number; calculated_at: string; games_played: number; id: string; player_id: string; points_per_game: number; rating: "A+" | "A" | "A-" | "B+" | "B" | "B-" | "C+" | "C" | "C-" | "D+" | "D" | "D-"; season_id: string; }'.
src/lib/draft/rating.ts(90,7): error TS2322: Type 'string' is not assignable to type '{ attendance_rate: number; calculated_at: string; games_played: number; id: string; player_id: string; points_per_game: number; rating: "A+" | "A" | "A-" | "B+" | "B" | "B-" | "C+" | "C" | "C-" | "D+" | "D" | "D-"; season_id: string; }'.
src/lib/draft/rating.ts(93,7): error TS2322: Type 'string' is not assignable to type '{ attendance_rate: number; calculated_at: string; games_played: number; id: string; player_id: string; points_per_game: number; rating: "A+" | "A" | "A-" | "B+" | "B" | "B-" | "C+" | "C" | "C-" | "D+" | "D" | "D-"; season_id: string; }'.
src/lib/draft/rating.ts(96,7): error TS2322: Type 'string' is not assignable to type '{ attendance_rate: number; calculated_at: string; games_played: number; id: string; player_id: string; points_per_game: number; rating: "A+" | "A" | "A-" | "B+" | "B" | "B-" | "C+" | "C" | "C-" | "D+" | "D" | "D-"; season_id: string; }'.
src/lib/draft/rating.ts(98,5): error TS2322: Type 'string' is not assignable to type '{ attendance_rate: number; calculated_at: string; games_played: number; id: string; player_id: string; points_per_game: number; rating: "A+" | "A" | "A-" | "B+" | "B" | "B-" | "C+" | "C" | "C-" | "D+" | "D" | "D-"; season_id: string; }'.
src/lib/draft/rating.ts(281,33): error TS2344: Type '{ attendance_rate: number; calculated_at: string; games_played: number; id: string; player_id: string; points_per_game: number; rating: "A+" | "A" | "A-" | "B+" | "B" | "B-" | "C+" | "C" | "C-" | "D+" | "D" | "D-"; season_id: string; }' does not satisfy the constraint 'string | number | symbol'.
src/lib/draft/rating.ts(287,23): error TS2538: Type '{ attendance_rate: number; calculated_at: string; games_played: number; id: string; player_id: string; points_per_game: number; rating: "A+" | "A" | "A-" | "B+" | "B" | "B-" | "C+" | "C" | "C-" | "D+" | "D" | "D-"; season_id: string; }' cannot be used as an index type.
src/lib/draft/rating.ts(287,45): error TS2538: Type '{ attendance_rate: number; calculated_at: string; games_played: number; id: string; player_id: string; points_per_game: number; rating: "A+" | "A" | "A-" | "B+" | "B" | "B-" | "C+" | "C" | "C-" | "D+" | "D" | "D-"; season_id: string; }' cannot be used as an index type.
src/lib/draft/rating.ts(311,8): error TS2769: No overload matches this call.
  Overload 1 of 2, '(values: { attendance_rate?: number; calculated_at?: string; games_played?: number; id?: string; player_id: string; points_per_game?: number; rating: "A+" | "A" | "A-" | "B+" | "B" | "B-" | "C+" | "C" | "C-" | "D+" | "D" | "D-"; season_id: string; }, options?: { ...; }): PostgrestFilterBuilder<...>', gave the following error.
    Type '{ attendance_rate: number; calculated_at: string; games_played: number; id: string; player_id: string; points_per_game: number; rating: "A+" | "A" | "A-" | "B+" | "B" | "B-" | "C+" | "C" | "C-" | "D+" | "D" | "D-"; season_id: string; }' is not assignable to type '"A+" | "A" | "A-" | "B+" | "B" | "B-" | "C+" | "C" | "C-" | "D+" | "D" | "D-"'.
  Overload 2 of 2, '(values: { attendance_rate?: number; calculated_at?: string; games_played?: number; id?: string; player_id: string; points_per_game?: number; rating: "A+" | "A" | "A-" | "B+" | "B" | "B-" | "C+" | "C" | "C-" | "D+" | "D" | "D-"; season_id: string; }[], options?: { ...; }): PostgrestFilterBuilder<...>', gave the following error.
    Object literal may only specify known properties, and 'player_id' does not exist in type '{ attendance_rate?: number; calculated_at?: string; games_played?: number; id?: string; player_id: string; points_per_game?: number; rating: "A+" | "A" | "A-" | "B+" | "B" | "B-" | "C+" | "C" | "C-" | "D+" | "D" | "D-"; season_id: string; }[]'.
src/lib/draft/rating.ts(325,29): error TS2344: Type '{ attendance_rate: number; calculated_at: string; games_played: number; id: string; player_id: string; points_per_game: number; rating: "A+" | "A" | "A-" | "B+" | "B" | "B-" | "C+" | "C" | "C-" | "D+" | "D" | "D-"; season_id: string; }' does not satisfy the constraint 'string | number | symbol'.
src/lib/draft/rating.ts(333,24): error TS2538: Type '{ attendance_rate: number; calculated_at: string; games_played: number; id: string; player_id: string; points_per_game: number; rating: "A+" | "A" | "A-" | "B+" | "B" | "B-" | "C+" | "C" | "C-" | "D+" | "D" | "D-"; season_id: string; }' cannot be used as an index type.
src/lib/draft/rating.ts(333,48): error TS2538: Type '{ attendance_rate: number; calculated_at: string; games_played: number; id: string; player_id: string; points_per_game: number; rating: "A+" | "A" | "A-" | "B+" | "B" | "B-" | "C+" | "C" | "C-" | "D+" | "D" | "D-"; season_id: string; }' cannot be used as an index type.
src/lib/games/actions.ts(56,36): error TS7018: Object literal's property 'games' implicitly has an 'any[]' type.
src/lib/games/actions.ts(78,36): error TS7018: Object literal's property 'game' implicitly has an 'any' type.
src/lib/games/actions.ts(248,36): error TS7018: Object literal's property 'games' implicitly has an 'any[]' type.
src/lib/games/actions.ts(272,36): error TS7018: Object literal's property 'games' implicitly has an 'any[]' type.
src/lib/games/actions.ts(355,20): error TS2339: Property 'status' does not exist on type '{ scheduled_at: string; original_scheduled_at: string; }'.
src/lib/games/actions.ts(356,33): error TS2339: Property 'status' does not exist on type '{ scheduled_at: string; original_scheduled_at: string; }'.
src/lib/games/actions.ts(357,26): error TS2339: Property 'status' does not exist on type '{ scheduled_at: string; original_scheduled_at: string; }'.
src/lib/payments/actions.ts(8,3): error TS2322: Type '"2024-12-18.acacia"' is not assignable to type '"2025-12-15.clover"'.
src/lib/payments/actions.ts(35,47): error TS7018: Object literal's property 'payments' implicitly has an 'any[]' type.
src/lib/payments/actions.ts(71,49): error TS7018: Object literal's property 'payments' implicitly has an 'any[]' type.
src/lib/payments/actions.ts(309,42): error TS7018: Object literal's property 'payments' implicitly has an 'any[]' type.
src/lib/players/availability-actions.ts(92,36): error TS7018: Object literal's property 'availability' implicitly has an 'any[]' type.
src/lib/players/availability-actions.ts(115,36): error TS7018: Object literal's property 'availability' implicitly has an 'any[]' type.
src/lib/seasons/actions.ts(46,36): error TS7018: Object literal's property 'seasons' implicitly has an 'any[]' type.
src/lib/seasons/actions.ts(65,36): error TS7018: Object literal's property 'season' implicitly has an 'any' type.
src/lib/seasons/actions.ts(82,36): error TS7018: Object literal's property 'season' implicitly has an 'any' type.
src/lib/seasons/opt-in-actions.ts(93,42): error TS7018: Object literal's property 'optIn' implicitly has an 'any' type.
src/lib/seasons/opt-in-actions.ts(117,42): error TS7018: Object literal's property 'optIns' implicitly has an 'any[]' type.
src/lib/seasons/opt-in-actions.ts(176,36): error TS7018: Object literal's property 'players' implicitly has an 'any[]' type.
src/lib/stats/actions.ts(415,42): error TS7018: Object literal's property 'games' implicitly has an 'any[]' type.
src/lib/stats/dispute-actions.ts(61,11): error TS2769: No overload matches this call.
  Overload 1 of 2, '(relation: "articles" | "draft_order" | "draft_picks" | "drafts" | "games" | "goalie_stats" | "legacy_players" | "player_approvals" | "player_availability" | "player_ratings" | "player_stats" | ... 7 more ... | "teams"): PostgrestQueryBuilder<...>', gave the following error.
    Argument of type '"stat_disputes"' is not assignable to parameter of type '"articles" | "draft_order" | "draft_picks" | "drafts" | "games" | "goalie_stats" | "legacy_players" | "player_approvals" | "player_availability" | "player_ratings" | "player_stats" | ... 7 more ... | "teams"'.
  Overload 2 of 2, '(relation: never): PostgrestQueryBuilder<{ PostgrestVersion: "12"; }, { Tables: { articles: { Row: { content: string; created_at: string; game_id: string; id: string; published: boolean; published_at: string; season_id: string; title: string; type: "game_recap" | ... 2 more ... | "announcement"; updated_at: string; }; Insert: { ...; }; Update: { ...; }; Relationships: []; }; ... 17 more ...; teams: { ...; }; }; Views: {}; Functions: { ...; }; Enums: { ...; }; CompositeTypes: {}; }, never, never, never>', gave the following error.
    Argument of type '"stat_disputes"' is not assignable to parameter of type 'never'.
src/lib/stats/dispute-actions.ts(62,6): error TS2769: No overload matches this call.
  Overload 1 of 2, '(values: { content: string; created_at?: string; game_id?: string; id?: string; published?: boolean; published_at?: string; season_id?: string; title: string; type: "game_recap" | "weekly_wrap" | "draft_grades" | "announcement"; updated_at?: string; } | ... 17 more ... | { ...; }, options?: { ...; }): PostgrestFilterBuilder<...>', gave the following error.
    Object literal may only specify known properties, and 'disputed_by_team_id' does not exist in type '{ content: string; created_at?: string; game_id?: string; id?: string; published?: boolean; published_at?: string; season_id?: string; title: string; type: "game_recap" | "weekly_wrap" | "draft_grades" | "announcement"; updated_at?: string; } | ... 15 more ... | { ...; }'.
  Overload 2 of 2, '(values: ({ content: string; created_at?: string; game_id?: string; id?: string; published?: boolean; published_at?: string; season_id?: string; title: string; type: "game_recap" | "weekly_wrap" | "draft_grades" | "announcement"; updated_at?: string; } | ... 17 more ... | { ...; })[], options?: { ...; }): PostgrestFilterBuilder<...>', gave the following error.
    Object literal may only specify known properties, and 'game_id' does not exist in type '({ content: string; created_at?: string; game_id?: string; id?: string; published?: boolean; published_at?: string; season_id?: string; title: string; type: "game_recap" | "weekly_wrap" | "draft_grades" | "announcement"; updated_at?: string; } | ... 17 more ... | { ...; })[]'.
src/lib/stats/dispute-actions.ts(95,11): error TS2769: No overload matches this call.
  Overload 1 of 2, '(relation: "articles" | "draft_order" | "draft_picks" | "drafts" | "games" | "goalie_stats" | "legacy_players" | "player_approvals" | "player_availability" | "player_ratings" | "player_stats" | ... 7 more ... | "teams"): PostgrestQueryBuilder<...>', gave the following error.
    Argument of type '"stat_disputes"' is not assignable to parameter of type '"articles" | "draft_order" | "draft_picks" | "drafts" | "games" | "goalie_stats" | "legacy_players" | "player_approvals" | "player_availability" | "player_ratings" | "player_stats" | ... 7 more ... | "teams"'.
  Overload 2 of 2, '(relation: never): PostgrestQueryBuilder<{ PostgrestVersion: "12"; }, { Tables: { articles: { Row: { content: string; created_at: string; game_id: string; id: string; published: boolean; published_at: string; season_id: string; title: string; type: "game_recap" | ... 2 more ... | "announcement"; updated_at: string; }; Insert: { ...; }; Update: { ...; }; Relationships: []; }; ... 17 more ...; teams: { ...; }; }; Views: {}; Functions: { ...; }; Enums: { ...; }; CompositeTypes: {}; }, never, never, never>', gave the following error.
    Argument of type '"stat_disputes"' is not assignable to parameter of type 'never'.
src/lib/stats/dispute-actions.ts(117,43): error TS2589: Type instantiation is excessively deep and possibly infinite.
src/lib/stats/dispute-actions.ts(118,11): error TS2769: No overload matches this call.
  Overload 1 of 2, '(relation: "articles" | "draft_order" | "draft_picks" | "drafts" | "games" | "goalie_stats" | "legacy_players" | "player_approvals" | "player_availability" | "player_ratings" | "player_stats" | ... 7 more ... | "teams"): PostgrestQueryBuilder<...>', gave the following error.
    Argument of type '"stat_disputes"' is not assignable to parameter of type '"articles" | "draft_order" | "draft_picks" | "drafts" | "games" | "goalie_stats" | "legacy_players" | "player_approvals" | "player_availability" | "player_ratings" | "player_stats" | ... 7 more ... | "teams"'.
  Overload 2 of 2, '(relation: never): PostgrestQueryBuilder<{ PostgrestVersion: "12"; }, { Tables: { articles: { Row: { content: string; created_at: string; game_id: string; id: string; published: boolean; published_at: string; season_id: string; title: string; type: "game_recap" | ... 2 more ... | "announcement"; updated_at: string; }; Insert: { ...; }; Update: { ...; }; Relationships: []; }; ... 17 more ...; teams: { ...; }; }; Views: {}; Functions: { ...; }; Enums: { ...; }; CompositeTypes: {}; }, never, never, never>', gave the following error.
    Argument of type '"stat_disputes"' is not assignable to parameter of type 'never'.
src/lib/stats/dispute-actions.ts(134,36): error TS7018: Object literal's property 'disputes' implicitly has an 'any[]' type.
src/lib/stats/queries.ts(31,36): error TS7018: Object literal's property 'stats' implicitly has an 'any[]' type.
src/lib/stats/queries.ts(114,36): error TS7018: Object literal's property 'stats' implicitly has an 'any[]' type.
src/lib/stats/queries.ts(219,36): error TS7018: Object literal's property 'stats' implicitly has an 'any[]' type.
src/lib/stats/queries.ts(260,42): error TS7018: Object literal's property 'stats' implicitly has an 'any[]' type.
src/lib/stats/queries.ts(569,36): error TS7018: Object literal's property 'stats' implicitly has an 'any[]' type.
src/lib/stats/season-queries.ts(10,46): error TS2589: Type instantiation is excessively deep and possibly infinite.
src/lib/stats/season-queries.ts(11,11): error TS2769: No overload matches this call.
  Overload 1 of 2, '(relation: "articles" | "draft_order" | "draft_picks" | "drafts" | "games" | "goalie_stats" | "legacy_players" | "player_approvals" | "player_availability" | "player_ratings" | "player_stats" | ... 7 more ... | "teams"): PostgrestQueryBuilder<...>', gave the following error.
    Argument of type '"player_season_stats_mv"' is not assignable to parameter of type '"articles" | "draft_order" | "draft_picks" | "drafts" | "games" | "goalie_stats" | "legacy_players" | "player_approvals" | "player_availability" | "player_ratings" | "player_stats" | ... 7 more ... | "teams"'.
  Overload 2 of 2, '(relation: never): PostgrestQueryBuilder<{ PostgrestVersion: "12"; }, { Tables: { articles: { Row: { content: string; created_at: string; game_id: string; id: string; published: boolean; published_at: string; season_id: string; title: string; type: "game_recap" | ... 2 more ... | "announcement"; updated_at: string; }; Insert: { ...; }; Update: { ...; }; Relationships: []; }; ... 17 more ...; teams: { ...; }; }; Views: {}; Functions: { ...; }; Enums: { ...; }; CompositeTypes: {}; }, never, never, never>', gave the following error.
    Argument of type '"player_season_stats_mv"' is not assignable to parameter of type 'never'.
src/lib/stats/season-queries.ts(73,12): error TS2339: Property 'points_per_game' does not exist on type '{ games_played: number; goals: number; assists: number; points: number; }'.
src/lib/stats/season-queries.ts(74,12): error TS2339: Property 'goals_per_game' does not exist on type '{ games_played: number; goals: number; assists: number; points: number; }'.
src/lib/stats/season-queries.ts(75,12): error TS2339: Property 'assists_per_game' does not exist on type '{ games_played: number; goals: number; assists: number; points: number; }'.
src/lib/stats/season-queries.ts(93,5): error TS7018: Object literal's property 'stats' implicitly has an 'any[]' type.
src/lib/stats/season-queries.ts(128,36): error TS7018: Object literal's property 'stats' implicitly has an 'any' type.
src/lib/stats/season-queries.ts(273,11): error TS2769: No overload matches this call.
  Overload 1 of 2, '(relation: "articles" | "draft_order" | "draft_picks" | "drafts" | "games" | "goalie_stats" | "legacy_players" | "player_approvals" | "player_availability" | "player_ratings" | "player_stats" | ... 7 more ... | "teams"): PostgrestQueryBuilder<...>', gave the following error.
    Argument of type '"player_season_stats_mv"' is not assignable to parameter of type '"articles" | "draft_order" | "draft_picks" | "drafts" | "games" | "goalie_stats" | "legacy_players" | "player_approvals" | "player_availability" | "player_ratings" | "player_stats" | ... 7 more ... | "teams"'.
  Overload 2 of 2, '(relation: never): PostgrestQueryBuilder<{ PostgrestVersion: "12"; }, { Tables: { articles: { Row: { content: string; created_at: string; game_id: string; id: string; published: boolean; published_at: string; season_id: string; title: string; type: "game_recap" | ... 2 more ... | "announcement"; updated_at: string; }; Insert: { ...; }; Update: { ...; }; Relationships: []; }; ... 17 more ...; teams: { ...; }; }; Views: {}; Functions: { ...; }; Enums: { ...; }; CompositeTypes: {}; }, never, never, never>', gave the following error.
    Argument of type '"player_season_stats_mv"' is not assignable to parameter of type 'never'.
src/lib/stats/season-queries.ts(322,41): error TS7018: Object literal's property 'stats' implicitly has an 'any[]' type.
src/lib/teams/actions.ts(48,36): error TS7018: Object literal's property 'teams' implicitly has an 'any[]' type.
src/lib/teams/actions.ts(68,36): error TS7018: Object literal's property 'team' implicitly has an 'any' type.
src/lib/teams/actions.ts(268,36): error TS7018: Object literal's property 'players' implicitly has an 'any[]' type.
src/lib/teams/invite-actions.ts(62,69): error TS2345: Argument of type '"generate_invite_code"' is not assignable to parameter of type '"match_legacy_player_to_profile" | "refresh_season_stats"'.
src/lib/teams/invite-actions.ts(72,11): error TS2769: No overload matches this call.
  Overload 1 of 2, '(relation: "articles" | "draft_order" | "draft_picks" | "drafts" | "games" | "goalie_stats" | "legacy_players" | "player_approvals" | "player_availability" | "player_ratings" | "player_stats" | ... 7 more ... | "teams"): PostgrestQueryBuilder<...>', gave the following error.
    Argument of type '"invite_codes"' is not assignable to parameter of type '"articles" | "draft_order" | "draft_picks" | "drafts" | "games" | "goalie_stats" | "legacy_players" | "player_approvals" | "player_availability" | "player_ratings" | "player_stats" | ... 7 more ... | "teams"'.
  Overload 2 of 2, '(relation: never): PostgrestQueryBuilder<{ PostgrestVersion: "12"; }, { Tables: { articles: { Row: { content: string; created_at: string; game_id: string; id: string; published: boolean; published_at: string; season_id: string; title: string; type: "game_recap" | ... 2 more ... | "announcement"; updated_at: string; }; Insert: { ...; }; Update: { ...; }; Relationships: []; }; ... 17 more ...; teams: { ...; }; }; Views: {}; Functions: { ...; }; Enums: { ...; }; CompositeTypes: {}; }, never, never, never>', gave the following error.
    Argument of type '"invite_codes"' is not assignable to parameter of type 'never'.
src/lib/teams/invite-actions.ts(74,7): error TS2769: No overload matches this call.
  Overload 1 of 2, '(values: { content: string; created_at?: string; game_id?: string; id?: string; published?: boolean; published_at?: string; season_id?: string; title: string; type: "game_recap" | "weekly_wrap" | "draft_grades" | "announcement"; updated_at?: string; } | ... 17 more ... | { ...; }, options?: { ...; }): PostgrestFilterBuilder<...>', gave the following error.
    Object literal may only specify known properties, and 'code' does not exist in type '{ content: string; created_at?: string; game_id?: string; id?: string; published?: boolean; published_at?: string; season_id?: string; title: string; type: "game_recap" | "weekly_wrap" | "draft_grades" | "announcement"; updated_at?: string; } | ... 17 more ... | { ...; }'.
  Overload 2 of 2, '(values: ({ content: string; created_at?: string; game_id?: string; id?: string; published?: boolean; published_at?: string; season_id?: string; title: string; type: "game_recap" | "weekly_wrap" | "draft_grades" | "announcement"; updated_at?: string; } | ... 17 more ... | { ...; })[], options?: { ...; }): PostgrestFilterBuilder<...>', gave the following error.
    Object literal may only specify known properties, and 'code' does not exist in type '({ content: string; created_at?: string; game_id?: string; id?: string; published?: boolean; published_at?: string; season_id?: string; title: string; type: "game_recap" | "weekly_wrap" | "draft_grades" | "announcement"; updated_at?: string; } | ... 17 more ... | { ...; })[]'.
src/lib/teams/invite-actions.ts(105,54): error TS2345: Argument of type '"use_invite_code"' is not assignable to parameter of type '"match_legacy_player_to_profile" | "refresh_season_stats"'.
src/lib/teams/invite-actions.ts(115,25): error TS2339: Property 'length' does not exist on type 'never'.
src/lib/teams/invite-actions.ts(115,52): error TS2339: Property 'success' does not exist on type 'never'.
src/lib/teams/invite-actions.ts(116,21): error TS18047: 'result' is possibly 'null'.
src/lib/teams/invite-actions.ts(120,47): error TS2339: Property 'invite_id' does not exist on type 'never'.
src/lib/teams/invite-actions.ts(129,42): error TS7018: Object literal's property 'invites' implicitly has an 'any[]' type.
src/lib/teams/invite-actions.ts(139,11): error TS2769: No overload matches this call.
  Overload 1 of 2, '(relation: "articles" | "draft_order" | "draft_picks" | "drafts" | "games" | "goalie_stats" | "legacy_players" | "player_approvals" | "player_availability" | "player_ratings" | "player_stats" | ... 7 more ... | "teams"): PostgrestQueryBuilder<...>', gave the following error.
    Argument of type '"invite_codes"' is not assignable to parameter of type '"articles" | "draft_order" | "draft_picks" | "drafts" | "games" | "goalie_stats" | "legacy_players" | "player_approvals" | "player_availability" | "player_ratings" | "player_stats" | ... 7 more ... | "teams"'.
  Overload 2 of 2, '(relation: never): PostgrestQueryBuilder<{ PostgrestVersion: "12"; }, { Tables: { articles: { Row: { content: string; created_at: string; game_id: string; id: string; published: boolean; published_at: string; season_id: string; title: string; type: "game_recap" | ... 2 more ... | "announcement"; updated_at: string; }; Insert: { ...; }; Update: { ...; }; Relationships: []; }; ... 17 more ...; teams: { ...; }; }; Views: {}; Functions: { ...; }; Enums: { ...; }; CompositeTypes: {}; }, never, never, never>', gave the following error.
    Argument of type '"invite_codes"' is not assignable to parameter of type 'never'.
src/lib/teams/invite-actions.ts(151,13): error TS2589: Type instantiation is excessively deep and possibly infinite.
src/lib/teams/invite-actions.ts(154,13): error TS2589: Type instantiation is excessively deep and possibly infinite.
src/lib/teams/invite-actions.ts(172,54): error TS2345: Argument of type '"is_invite_code_valid"' is not assignable to parameter of type '"match_legacy_player_to_profile" | "refresh_season_stats"'.
src/lib/teams/invite-actions.ts(181,25): error TS2339: Property 'length' does not exist on type 'never'.
src/lib/teams/invite-actions.ts(186,24): error TS2339: Property 'is_valid' does not exist on type 'never'.
src/lib/teams/invite-actions.ts(187,25): error TS2339: Property 'invite_id' does not exist on type 'never'.
src/lib/teams/invite-actions.ts(188,23): error TS2339: Property 'team_id' does not exist on type 'never'.
src/lib/teams/invite-actions.ts(189,25): error TS2339: Property 'season_id' does not exist on type 'never'.
src/lib/teams/invite-actions.ts(190,28): error TS2339: Property 'auto_approve' does not exist on type 'never'.
src/lib/teams/invite-actions.ts(191,24): error TS2339: Property 'is_valid' does not exist on type 'never'.
src/lib/teams/invite-actions.ts(206,11): error TS2769: No overload matches this call.
  Overload 1 of 2, '(relation: "articles" | "draft_order" | "draft_picks" | "drafts" | "games" | "goalie_stats" | "legacy_players" | "player_approvals" | "player_availability" | "player_ratings" | "player_stats" | ... 7 more ... | "teams"): PostgrestQueryBuilder<...>', gave the following error.
    Argument of type '"invite_codes"' is not assignable to parameter of type '"articles" | "draft_order" | "draft_picks" | "drafts" | "games" | "goalie_stats" | "legacy_players" | "player_approvals" | "player_availability" | "player_ratings" | "player_stats" | ... 7 more ... | "teams"'.
  Overload 2 of 2, '(relation: never): PostgrestQueryBuilder<{ PostgrestVersion: "12"; }, { Tables: { articles: { Row: { content: string; created_at: string; game_id: string; id: string; published: boolean; published_at: string; season_id: string; title: string; type: "game_recap" | ... 2 more ... | "announcement"; updated_at: string; }; Insert: { ...; }; Update: { ...; }; Relationships: []; }; ... 17 more ...; teams: { ...; }; }; Views: {}; Functions: { ...; }; Enums: { ...; }; CompositeTypes: {}; }, never, never, never>', gave the following error.
    Argument of type '"invite_codes"' is not assignable to parameter of type 'never'.
src/lib/teams/invite-actions.ts(222,43): error TS2339: Property 'created_by' does not exist on type 'SelectQueryError<"column 'created_by' does not exist on 'articles'."> | SelectQueryError<"column 'created_by' does not exist on 'draft_order'."> | ... 16 more ... | SelectQueryError<...>'.
  Property 'created_by' does not exist on type 'SelectQueryError<"column 'created_by' does not exist on 'articles'.">'.
src/lib/teams/invite-actions.ts(227,11): error TS2769: No overload matches this call.
  Overload 1 of 2, '(relation: "articles" | "draft_order" | "draft_picks" | "drafts" | "games" | "goalie_stats" | "legacy_players" | "player_approvals" | "player_availability" | "player_ratings" | "player_stats" | ... 7 more ... | "teams"): PostgrestQueryBuilder<...>', gave the following error.
    Argument of type '"invite_codes"' is not assignable to parameter of type '"articles" | "draft_order" | "draft_picks" | "drafts" | "games" | "goalie_stats" | "legacy_players" | "player_approvals" | "player_availability" | "player_ratings" | "player_stats" | ... 7 more ... | "teams"'.
  Overload 2 of 2, '(relation: never): PostgrestQueryBuilder<{ PostgrestVersion: "12"; }, { Tables: { articles: { Row: { content: string; created_at: string; game_id: string; id: string; published: boolean; published_at: string; season_id: string; title: string; type: "game_recap" | ... 2 more ... | "announcement"; updated_at: string; }; Insert: { ...; }; Update: { ...; }; Relationships: []; }; ... 17 more ...; teams: { ...; }; }; Views: {}; Functions: { ...; }; Enums: { ...; }; CompositeTypes: {}; }, never, never, never>', gave the following error.
    Argument of type '"invite_codes"' is not assignable to parameter of type 'never'.
src/lib/teams/messaging-actions.ts(107,36): error TS7018: Object literal's property 'messages' implicitly has an 'any[]' type.
src/lib/teams/roster-actions.ts(71,36): error TS7018: Object literal's property 'roster' implicitly has an 'any[]' type.
src/lib/teams/roster-actions.ts(103,36): error TS7018: Object literal's property 'players' implicitly has an 'any[]' type.
src/lib/teams/roster-actions.ts(129,46): error TS2352: Conversion of type 'SelectQueryError<"could not find the relation between team_rosters and teams">' to type '{ name: string; }' may be a mistake because neither type sufficiently overlaps with the other. If this was intentional, convert the expression to 'unknown' first.
  Property 'name' is missing in type '{ error: true; } & String' but required in type '{ name: string; }'.
